
[7m[1m[36m RUN [39m[22m[27m [36mv1.6.1[39m [90mF:/_Al-Saada_Smart_Bot[39m

[90mstdout[2m | _log (F:\_Al-Saada_Smart_Bot\node_modules\dotenv\lib\main.js:139:11)[22m[39m
[dotenv@17.3.1] injecting env (4) from .env.test -- tip: ≡ƒñû agentic secret storage: https://dotenvx.com/as2

[90mstdout[2m | _log (F:\_Al-Saada_Smart_Bot\node_modules\dotenv\lib\main.js:139:11)[22m[39m
[dotenv@17.3.1] injecting env (4) from .env.test -- tip: ΓÜÖ∩╕Å  load multiple .env files with { path: ['.env.local', '.env'] }

[90mstdout[2m | _log (F:\_Al-Saada_Smart_Bot\node_modules\dotenv\lib\main.js:139:11)[22m[39m
[dotenv@17.3.1] injecting env (4) from .env.test -- tip: ≡ƒ¢í∩╕Å auth for agents: https://vestauth.com

[90mstdout[2m | _log (F:\_Al-Saada_Smart_Bot\node_modules\dotenv\lib\main.js:139:11)[22m[39m
[dotenv@17.3.1] injecting env (4) from .env.test -- tip: ≡ƒöÉ prevent building .env in docker: https://dotenvx.com/prebuild

[90mstdout[2m | _log (F:\_Al-Saada_Smart_Bot\node_modules\dotenv\lib\main.js:139:11)[22m[39m
[dotenv@17.3.1] injecting env (4) from .env.test -- tip: ΓÜí∩╕Å secrets for agents: https://dotenvx.com/as2

[90mstdout[2m | _log (F:\_Al-Saada_Smart_Bot\node_modules\dotenv\lib\main.js:139:11)[22m[39m
[dotenv@17.3.1] injecting env (4) from .env.test -- tip: ΓÜÖ∩╕Å  suppress all logs with { quiet: true }

[90mstdout[2m | _log (F:\_Al-Saada_Smart_Bot\node_modules\dotenv\lib\main.js:139:11)[22m[39m
[dotenv@17.3.1] injecting env (4) from .env.test -- tip: ≡ƒöÉ prevent building .env in docker: https://dotenvx.com/prebuild

[90mstdout[2m | _log (F:\_Al-Saada_Smart_Bot\node_modules\dotenv\lib\main.js:139:11)[22m[39m
[dotenv@17.3.1] injecting env (4) from .env.test -- tip: ΓÜí∩╕Å secrets for agents: https://dotenvx.com/as2

[90mstdout[2m | _log (F:\_Al-Saada_Smart_Bot\node_modules\dotenv\lib\main.js:139:11)[22m[39m
[dotenv@17.3.1] injecting env (4) from .env.test -- tip: ≡ƒñû agentic secret storage: https://dotenvx.com/as2

[90mstdout[2m | _log (F:\_Al-Saada_Smart_Bot\node_modules\dotenv\lib\main.js:139:11)[22m[39m
[dotenv@17.3.1] injecting env (4) from .env.test -- tip: ≡ƒöÉ encrypt with Dotenvx: https://dotenvx.com

[90mstdout[2m | _log (F:\_Al-Saada_Smart_Bot\node_modules\dotenv\lib\main.js:139:11)[22m[39m
[dotenv@17.3.1] injecting env (4) from .env.test -- tip: ΓÜÖ∩╕Å  enable debug logging with { debug: true }

 [32mΓ£ô[39m packages/core/tests/e2e/user-journey.test.ts [2m ([22m[2m5 tests[22m[2m)[22m[90m 11[2mms[22m[39m
 [32mΓ£ô[39m packages/core/tests/audit.test.ts [2m ([22m[2m13 tests[22m[2m)[22m[90m 22[2mms[22m[39m
 [32mΓ£ô[39m packages/core/tests/integration/sections.test.ts [2m ([22m[2m10 tests[22m[2m)[22m[90m 20[2mms[22m[39m
 [32mΓ£ô[39m packages/core/tests/unit/bot/handlers/start.test.ts [2m ([22m[2m6 tests[22m[2m)[22m[90m 58[2mms[22m[39m
 [32mΓ£ô[39m packages/core/tests/unit/services/join-requests.test.ts [2m ([22m[2m7 tests[22m[2m)[22m[90m 18[2mms[22m[39m
 [33mΓ¥»[39m packages/core/tests/session.test.ts [2m ([22m[2m0 test[22m[2m)[22m
 [32mΓ£ô[39m packages/core/tests/integration/bot/start-to-join-flow.test.ts [2m ([22m[2m5 tests[22m[2m)[22m[90m 19[2mms[22m[39m
 [32mΓ£ô[39m packages/core/tests/rbac-scope-inheritance.test.ts [2m ([22m[2m6 tests[22m[2m)[22m[90m 17[2mms[22m[39m
 [33mΓ¥»[39m packages/core/tests/unit/bot/middlewares/rbac.test.ts [2m ([22m[2m0 test[22m[2m)[22m
[90mstdout[2m | _log (F:\_Al-Saada_Smart_Bot\node_modules\dotenv\lib\main.js:139:11)[22m[39m
[dotenv@17.3.1] injecting env (4) from .env.test -- tip: ΓÜÖ∩╕Å  load multiple .env files with { path: ['.env.local', '.env'] }

[90mstdout[2m | _log (F:\_Al-Saada_Smart_Bot\node_modules\dotenv\lib\main.js:139:11)[22m[39m
[dotenv@17.3.1] injecting env (4) from .env.test -- tip: ΓÜÖ∩╕Å  enable debug logging with { debug: true }

[90mstdout[2m | _log (F:\_Al-Saada_Smart_Bot\node_modules\dotenv\lib\main.js:139:11)[22m[39m
[dotenv@17.3.1] injecting env (4) from .env.test -- tip: ΓÜÖ∩╕Å  specify custom .env file path with { path: '/custom/path/.env' }

[90mstdout[2m | _log (F:\_Al-Saada_Smart_Bot\node_modules\dotenv\lib\main.js:139:11)[22m[39m
[dotenv@17.3.1] injecting env (4) from .env.test -- tip: ≡ƒöÉ prevent committing .env to code: https://dotenvx.com/precommit

[90mstdout[2m | _log (F:\_Al-Saada_Smart_Bot\node_modules\dotenv\lib\main.js:139:11)[22m[39m
[dotenv@17.3.1] injecting env (4) from .env.test -- tip: ΓÜÖ∩╕Å  enable debug logging with { debug: true }

 [33mΓ¥»[39m packages/core/tests/integration/notification-delivery.test.ts [2m ([22m[2m0 test[22m[2m)[22m
[90mstdout[2m | _log (F:\_Al-Saada_Smart_Bot\node_modules\dotenv\lib\main.js:139:11)[22m[39m
[dotenv@17.3.1] injecting env (4) from .env.test -- tip: ≡ƒöÉ prevent committing .env to code: https://dotenvx.com/precommit

[90mstdout[2m | _log (F:\_Al-Saada_Smart_Bot\node_modules\dotenv\lib\main.js:139:11)[22m[39m
[dotenv@17.3.1] injecting env (4) from .env.test -- tip: ≡ƒöÉ prevent committing .env to code: https://dotenvx.com/precommit

 [33mΓ¥»[39m packages/core/tests/unit/bot/handlers/menu.test.ts [2m ([22m[2m13 tests[22m [2m|[22m [31m5 failed[39m[2m)[22m[90m 54[2mms[22m[39m
[31m   [33mΓ¥»[31m packages/core/tests/unit/bot/handlers/menu.test.ts[2m > [22m@testing-patterns @typescript-expert Menu Handler Tests[2m > [22mT024 - Main Menu Router RBAC Tests[2m > [22mshould show Super Admin menu for SUPER_ADMIN role[39m
[31m     ΓåÆ expected [ [ ΓÇª(2) ], [ { ΓÇª(2) }, ΓÇª(1) ], ΓÇª(2) ] to have a length of 3 but got 4[39m
[31m   [33mΓ¥»[31m packages/core/tests/unit/bot/handlers/menu.test.ts[2m > [22m@testing-patterns @typescript-expert Menu Handler Tests[2m > [22mT024 - Main Menu Router RBAC Tests[2m > [22mshould show Admin menu for ADMIN role with restricted options[39m
[31m     ΓåÆ expected [ Array(1) ] to have a length of 2 but got 1[39m
[31m   [33mΓ¥»[31m packages/core/tests/unit/bot/handlers/menu.test.ts[2m > [22m@testing-patterns @typescript-expert Menu Handler Tests[2m > [22mT024 - Main Menu Router RBAC Tests[2m > [22mshould log audit trail for menu access[39m
[31m     ΓåÆ expected "spy" to be called with arguments: [ { data: { userId: 12345n, ΓÇª(4) } } ][90m

Received: 

[31m[90m

Number of calls: [1m0[22m
[31m[39m
[31m   [33mΓ¥»[31m packages/core/tests/unit/bot/handlers/menu.test.ts[2m > [22m@testing-patterns @typescript-expert Menu Handler Tests[2m > [22mT024 - Main Menu Router RBAC Tests[2m > [22mshould Super Admin sees all management options[39m
[31m     ΓåÆ expected [ [ ΓÇª(2) ], [ { ΓÇª(2) }, ΓÇª(1) ], ΓÇª(2) ] to have a length of 3 but got 4[39m
[31m   [33mΓ¥»[31m packages/core/tests/unit/bot/handlers/menu.test.ts[2m > [22m@testing-patterns @typescript-expert Menu Handler Tests[2m > [22mT024 - Main Menu Router RBAC Tests[2m > [22mshould Admin cannot access Super Admin specific features[39m
[31m     ΓåÆ expected [ Array(1) ] to have a length of 2 but got 1[39m
[90mstdout[2m | _log (F:\_Al-Saada_Smart_Bot\node_modules\dotenv\lib\main.js:139:11)[22m[39m
[dotenv@17.3.1] injecting env (4) from .env.test -- tip: ΓÜÖ∩╕Å  load multiple .env files with { path: ['.env.local', '.env'] }

 [33mΓ¥»[39m packages/core/tests/integration/redis-fallback.test.ts [2m ([22m[2m0 test[22m[2m)[22m
 [33mΓ¥»[39m packages/core/tests/integration/bot/hierarchical-navigation.test.ts [2m ([22m[2m5 tests[22m [2m|[22m [31m2 failed[39m[2m)[22m[90m 39[2mms[22m[39m
[31m   [33mΓ¥»[31m packages/core/tests/integration/bot/hierarchical-navigation.test.ts[2m > [22mhierarchical navigation integration (T040-A)[2m > [22m(3) clicking main section without sub-sections shows modules directly[39m
[31m     ΓåÆ expected 'button-back-to-sections' to contain 'Module 1'[39m
[31m   [33mΓ¥»[31m packages/core/tests/integration/bot/hierarchical-navigation.test.ts[2m > [22mhierarchical navigation integration (T040-A)[2m > [22m(4) clicking sub-section shows its modules + back button[39m
[31m     ΓåÆ expected 1 to be 3 // Object.is equality[39m
{"level":"info","time":1772600908561,"pid":24568,"hostname":"Saleh-PC","msg":"Database restored from backup-test.sql by user 123456789"}
{"level":"error","time":1772600908563,"pid":24568,"hostname":"Saleh-PC","err":{"type":"Error","message":"pg_dump failed","stack":"Error: pg_dump failed\n    at F:\\_Al-Saada_Smart_Bot\\packages\\core\\tests\\backup.test.ts:92:10\n    at mockCall (file:///F:/_Al-Saada_Smart_Bot/node_modules/@vitest/spy/dist/index.js:50:17)\n    at spy (file:///F:/_Al-Saada_Smart_Bot/node_modules/tinyspy/dist/index.js:42:80)\n    at node:internal/util:441:7\n    at new Promise (<anonymous>)\n    at spy (node:internal/util:427:12)\n    at Object.createBackup (F:\\_Al-Saada_Smart_Bot\\packages\\core\\src\\services\\backup.ts:46:13)\n    at F:\\_Al-Saada_Smart_Bot\\packages\\core\\tests\\backup.test.ts:96:5\n    at runTest (file:///F:/_Al-Saada_Smart_Bot/node_modules/@vitest/runner/dist/index.js:781:11)\n    at runSuite (file:///F:/_Al-Saada_Smart_Bot/node_modules/@vitest/runner/dist/index.js:909:15)"},"msg":"Backup creation failed"}
{"level":"error","time":1772600908572,"pid":24568,"hostname":"Saleh-PC","err":{"type":"Error","message":"psql failed","stack":"Error: psql failed\n    at F:\\_Al-Saada_Smart_Bot\\packages\\core\\tests\\backup.test.ts:101:10\n    at mockCall (file:///F:/_Al-Saada_Smart_Bot/node_modules/@vitest/spy/dist/index.js:50:17)\n    at spy (file:///F:/_Al-Saada_Smart_Bot/node_modules/tinyspy/dist/index.js:42:80)\n    at node:internal/util:441:7\n    at new Promise (<anonymous>)\n    at spy (node:internal/util:427:12)\n    at Object.restoreFromBackup (F:\\_Al-Saada_Smart_Bot\\packages\\core\\src\\services\\backup.ts:95:13)\n    at F:\\_Al-Saada_Smart_Bot\\packages\\core\\tests\\backup.test.ts:105:32\n    at file:///F:/_Al-Saada_Smart_Bot/node_modules/@vitest/runner/dist/index.js:135:14\n    at file:///F:/_Al-Saada_Smart_Bot/node_modules/@vitest/runner/dist/index.js:60:26"},"msg":"Backup restore failed"}
 [32mΓ£ô[39m packages/core/tests/backup.test.ts [2m ([22m[2m6 tests[22m[2m)[22m[90m 27[2mms[22m[39m
 [32mΓ£ô[39m packages/core/tests/maintenance.test.ts [2m ([22m[2m7 tests[22m[2m)[22m[90m 14[2mms[22m[39m
 [32mΓ£ô[39m packages/core/tests/menu-visibility.test.ts [2m ([22m[2m3 tests[22m[2m)[22m[90m 8[2mms[22m[39m
 [32mΓ£ô[39m packages/core/tests/rbac-scope-integration.test.ts [2m ([22m[2m3 tests[22m[2m)[22m[90m 20[2mms[22m[39m
[90mstdout[2m | _log (F:\_Al-Saada_Smart_Bot\node_modules\dotenv\lib\main.js:139:11)[22m[39m
[dotenv@17.3.1] injecting env (4) from .env.test -- tip: ≡ƒ¢í∩╕Å auth for agents: https://vestauth.com

[90mstdout[2m | _log (F:\_Al-Saada_Smart_Bot\node_modules\dotenv\lib\main.js:139:11)[22m[39m
[dotenv@17.3.1] injecting env (4) from .env.test -- tip: ≡ƒöÉ prevent building .env in docker: https://dotenvx.com/prebuild

 [32mΓ£ô[39m packages/core/tests/draft-recovery.test.ts [2m ([22m[2m1 test[22m[2m)[22m[90m 4[2mms[22m[39m
[90mstdout[2m | _log (F:\_Al-Saada_Smart_Bot\node_modules\dotenv\lib\main.js:139:11)[22m[39m
[dotenv@17.3.1] injecting env (4) from .env.test -- tip: ΓÜÖ∩╕Å  suppress all logs with { quiet: true }

[90mstdout[2m | _log (F:\_Al-Saada_Smart_Bot\node_modules\dotenv\lib\main.js:139:11)[22m[39m
[dotenv@17.3.1] injecting env (4) from .env.test -- tip: ΓÜÖ∩╕Å  enable debug logging with { debug: true }

 [32mΓ£ô[39m packages/core/tests/unit/config/env.test.ts [2m ([22m[2m6 tests[22m[2m)[22m[90m 135[2mms[22m[39m
 [33mΓ¥»[39m packages/core/tests/module-loader.test.ts [2m ([22m[2m3 tests[22m [2m|[22m [31m1 failed[39m[2m)[22m[90m 117[2mms[22m[39m
[31m   [33mΓ¥»[31m packages/core/tests/module-loader.test.ts[2m > [22mModuleLoader[2m > [22mnotifies SUPER_ADMINs on failure[39m
[31m     ΓåÆ expected "spy" to be called with arguments: [ 123456789, ΓÇª(1) ][90m

Received: 

[1m  1st spy call:

[22m[2m  Array [[22m
[32m-   123456789,[90m
[32m-   StringContaining "broken-module",[90m
[31m+   "123456789",[90m
[31m+   "ΓÜá∩╕Å ╪«╪╖╪ú ┘ü┘è ╪¬╪¡┘à┘è┘ä ╪º┘ä┘ê╪¡╪»╪⌐[90m
[31m+[90m
[31m+ ┘ü╪┤┘ä ╪¬╪¡┘à┘è┘ä ╪º┘ä┘ê╪¡╪»╪⌐: Γü¿broken-moduleΓü⌐. ╪º┘ä╪│╪¿╪¿: Γü¿Failed to load url /F:/_Al-Saada_Smart_Bot/modules/broken-module/config.ts (resolved id: /F:/_Al-Saada_Smart_Bot/modules/broken-module/config.ts). Does the file exist?Γü⌐",[90m
[2m  ][22m
[31m[90m

Number of calls: [1m1[22m
[31m[39m
[90mstdout[2m | _log (F:\_Al-Saada_Smart_Bot\node_modules\dotenv\lib\main.js:139:11)[22m[39m
[dotenv@17.3.1] injecting env (4) from .env.test -- tip: ≡ƒöÉ encrypt with Dotenvx: https://dotenvx.com

[90mstdout[2m | _log (F:\_Al-Saada_Smart_Bot\node_modules\dotenv\lib\main.js:139:11)[22m[39m
[dotenv@17.3.1] injecting env (4) from .env.test -- tip: ΓÜÖ∩╕Å  suppress all logs with { quiet: true }

 [32mΓ£ô[39m packages/core/tests/unit/bot/middlewares/sanitize.test.ts [2m ([22m[2m2 tests[22m[2m)[22m[90m 6[2mms[22m[39m
 [32mΓ£ô[39m packages/core/tests/unit/bot/handlers/fallback.test.ts [2m ([22m[2m1 test[22m[2m)[22m[90m 8[2mms[22m[39m
[90mstdout[2m | packages/core/tests/integration/audit-coverage.test.ts[2m > [22m[2mT080: Audit Coverage[2m > [22m[2mshould use all AuditAction values in the source code[22m[39m
Available AuditActions: [
  [32m'USER_BOOTSTRAP'[39m,      [32m'USER_LOGIN'[39m,
  [32m'USER_LOGOUT'[39m,         [32m'ROLE_CHANGE'[39m,
  [32m'USER_APPROVE'[39m,        [32m'USER_REJECT'[39m,
  [32m'USER_ACTIVATE'[39m,       [32m'USER_DEACTIVATE'[39m,
  [32m'JOIN_REQUEST_SUBMIT'[39m, [32m'SECTION_CREATE'[39m,
  [32m'SECTION_UPDATE'[39m,      [32m'SECTION_DELETE'[39m,
  [32m'SECTION_ENABLE'[39m,      [32m'SECTION_DISABLE'[39m,
  [32m'MODULE_REGISTER'[39m,     [32m'MODULE_UNREGISTER'[39m,
  [32m'MODULE_ENABLE'[39m,       [32m'MODULE_DISABLE'[39m,
  [32m'MAINTENANCE_ON'[39m,      [32m'MAINTENANCE_OFF'[39m,
  [32m'PERMISSION_CHANGE'[39m,   [32m'ADMIN_SCOPE_ASSIGN'[39m,
  [32m'ADMIN_SCOPE_REVOKE'[39m,  [32m'BACKUP_TRIGGER'[39m,
  [32m'BACKUP_RESTORE'[39m,      [32m'MODULE_CREATE'[39m,
  [32m'MODULE_UPDATE'[39m,       [32m'MODULE_DELETE'[39m
]

 [32mΓ£ô[39m packages/core/tests/integration/audit-coverage.test.ts [2m ([22m[2m1 test[22m[2m)[22m[90m 6[2mms[22m[39m
 [32mΓ£ô[39m packages/core/tests/settings.test.ts [2m ([22m[2m5 tests[22m[2m)[22m[90m 12[2mms[22m[39m
 [33mΓ¥»[39m packages/core/tests/e2e/admin-journey.test.ts [2m ([22m[2m4 tests[22m [2m|[22m [31m1 failed[39m[2m)[22m[90m 20[2mms[22m[39m
[31m   [33mΓ¥»[31m packages/core/tests/e2e/admin-journey.test.ts[2m > [22mT071: Admin Journey E2E Tests[2m > [22mTest 2: Click main section with sub-sections -> shows sub-section list + back button[39m
[31m     ΓåÆ default.debug is not a function[39m

npx : [31mΓÄ»ΓÄ»ΓÄ»ΓÄ»ΓÄ»ΓÄ»[1m[7m Failed Suites 4 [27m[22mΓÄ»ΓÄ»ΓÄ»ΓÄ»ΓÄ»ΓÄ»ΓÄ»[39m
At line:1 char:1
+ npx vitest run packages/core/tests > test_output.txt 2>&1
+ ~~~~~~~~~~~~~~~~~~~~~~~~~~~~~~~~~~~~~~~~~~~~~~~~~~~~~~~~~
    + CategoryInfo          : NotSpecified: ([31mΓÄ»ΓÄ»ΓÄ»Γ...»ΓÄ»ΓÄ»ΓÄ»[39m:String) [], RemoteExcep 
   tion
    + FullyQualifiedErrorId : NativeCommandError
 

[31m[1m[7m FAIL [27m[22m[39m packages/core/tests/session.test.ts [2m[ 
packages/core/tests/session.test.ts ][22m
[31m[1mReferenceError[22m: session is not defined[39m
[36m [2mΓ¥»[22m packages/core/src/bot/middlewares/session.ts:[2m122:34[22m[39m
    [90m120| [39m
    [90m121| [39m[90m// Create session middleware using resilient storage[39m
    [90m122| [39m[35mexport[39m [35mconst[39m sessionMiddleware [33m=[39m [34msession[39m({
    [90m   | [39m                                 [31m^[39m
    [90m123| [39m  initial[33m:[39m defaultSession[33m,[39m
    [90m124| [39m  storage[33m:[39m [35mnew[39m [33mResilientRedisStorage[39m()[33m,[39m
[90m [2mΓ¥»[22m packages/core/tests/session.test.ts:[2m26:25[22m[39m

[31m[2mΓÄ»ΓÄ»ΓÄ»ΓÄ»ΓÄ»ΓÄ»ΓÄ»ΓÄ»ΓÄ»ΓÄ»ΓÄ»ΓÄ»ΓÄ»ΓÄ»ΓÄ»ΓÄ»ΓÄ»ΓÄ»ΓÄ»ΓÄ»ΓÄ»ΓÄ»ΓÄ»[1/13]ΓÄ»[22m[39m

[31m[1m[7m FAIL [27m[22m[39m packages/core/tests/integration/notification-delivery.test.ts [2m[ 
packages/core/tests/integration/notification-delivery.test.ts ][22m
[31m[1mError[22m: Failed to load url ../../../src/services/notifications (resolved id: 
../../../src/services/notifications) in 
F:/_Al-Saada_Smart_Bot/packages/core/tests/integration/notification-delivery.test.ts. Does the file 
exist?[39m
[90m [2mΓ¥»[22m loadAndTransform 
node_modules/vite/dist/node/chunks/dep-BK3b2jBa.js:[2m51969:17[22m[39m

[31m[2mΓÄ»ΓÄ»ΓÄ»ΓÄ»ΓÄ»ΓÄ»ΓÄ»ΓÄ»ΓÄ»ΓÄ»ΓÄ»ΓÄ»ΓÄ»ΓÄ»ΓÄ»ΓÄ»ΓÄ»ΓÄ»ΓÄ»ΓÄ»ΓÄ»ΓÄ»ΓÄ»[2/13]ΓÄ»[22m[39m

[31m[1m[7m FAIL [27m[22m[39m packages/core/tests/integration/redis-fallback.test.ts [2m[ 
packages/core/tests/integration/redis-fallback.test.ts ][22m
[31m[1mError[22m: Failed to load url ../../../src/bot/middlewares/session (resolved id: 
../../../src/bot/middlewares/session) in 
F:/_Al-Saada_Smart_Bot/packages/core/tests/integration/redis-fallback.test.ts. Does the file 
exist?[39m
[90m [2mΓ¥»[22m loadAndTransform 
node_modules/vite/dist/node/chunks/dep-BK3b2jBa.js:[2m51969:17[22m[39m

[31m[2mΓÄ»ΓÄ»ΓÄ»ΓÄ»ΓÄ»ΓÄ»ΓÄ»ΓÄ»ΓÄ»ΓÄ»ΓÄ»ΓÄ»ΓÄ»ΓÄ»ΓÄ»ΓÄ»ΓÄ»ΓÄ»ΓÄ»ΓÄ»ΓÄ»ΓÄ»ΓÄ»[3/13]ΓÄ»[22m[39m

[31m[1m[7m FAIL [27m[22m[39m packages/core/tests/unit/bot/middlewares/rbac.test.ts [2m[ 
packages/core/tests/unit/bot/middlewares/rbac.test.ts ][22m
[31m[1mReferenceError[22m: session is not defined[39m
[36m [2mΓ¥»[22m packages/core/src/bot/middlewares/session.ts:[2m122:34[22m[39m
    [90m120| [39m
    [90m121| [39m[90m// Create session middleware using resilient storage[39m
    [90m122| [39m[35mexport[39m [35mconst[39m sessionMiddleware [33m=[39m [34msession[39m({
    [90m   | [39m                                 [31m^[39m
    [90m123| [39m  initial[33m:[39m defaultSession[33m,[39m
    [90m124| [39m  storage[33m:[39m [35mnew[39m [33mResilientRedisStorage[39m()[33m,[39m
[90m [2mΓ¥»[22m packages/core/src/bot/middlewares/rbac.ts:[2m5:31[22m[39m

[31m[2mΓÄ»ΓÄ»ΓÄ»ΓÄ»ΓÄ»ΓÄ»ΓÄ»ΓÄ»ΓÄ»ΓÄ»ΓÄ»ΓÄ»ΓÄ»ΓÄ»ΓÄ»ΓÄ»ΓÄ»ΓÄ»ΓÄ»ΓÄ»ΓÄ»ΓÄ»ΓÄ»[4/13]ΓÄ»[22m[39m

[31mΓÄ»ΓÄ»ΓÄ»ΓÄ»ΓÄ»ΓÄ»ΓÄ»[1m[7m Failed Tests 9 [27m[22mΓÄ»ΓÄ»ΓÄ»ΓÄ»ΓÄ»ΓÄ»ΓÄ»[39m

[31m[1m[7m FAIL [27m[22m[39m packages/core/tests/module-loader.test.ts[2m > 
[22mModuleLoader[2m > [22mnotifies SUPER_ADMINs on failure
[31m[1mAssertionError[22m: expected "spy" to be called with arguments: [ 123456789, ΓÇª(1) ][90m

Received: 

[1m  1st spy call:

[22m[2m  Array [[22m
[32m-   123456789,[90m
[32m-   StringContaining "broken-module",[90m
[31m+   "123456789",[90m
[31m+   "ΓÜá∩╕Å ╪«╪╖╪ú ┘ü┘è ╪¬╪¡┘à┘è┘ä ╪º┘ä┘ê╪¡╪»╪⌐[90m
[31m+[90m
[31m+ ┘ü╪┤┘ä ╪¬╪¡┘à┘è┘ä ╪º┘ä┘ê╪¡╪»╪⌐: Γü¿broken-moduleΓü⌐. ╪º┘ä╪│╪¿╪¿: Γü¿Failed to load url 
/F:/_Al-Saada_Smart_Bot/modules/broken-module/config.ts (resolved id: 
/F:/_Al-Saada_Smart_Bot/modules/broken-module/config.ts). Does the file exist?Γü⌐",[90m
[2m  ][22m
[31m[90m

Number of calls: [1m1[22m
[31m[39m
[36m [2mΓ¥»[22m packages/core/tests/module-loader.test.ts:[2m77:37[22m[39m
    [90m 75| [39m      where[33m:[39m { role[33m:[39m 
[33mRole[39m[33m.[39m[33mSUPER_ADMIN[39m[33m,[39m isActive[33m:[39m [35mtrue[39m }
    [90m 76| [39m    }))[33m;[39m
    [90m 77| [39m    [34mexpect[39m(mockBot[33m.[39mapi[33m.[39msendMessage)[33m.[39m[34mtoH
aveBeenCalledWith[39m([34m123456789[39m[33m,[39m exΓÇª
    [90m   | [39m                                    [31m^[39m
    [90m 78| [39m  })[33m;[39m
    [90m 79| [39m

[31m[2mΓÄ»ΓÄ»ΓÄ»ΓÄ»ΓÄ»ΓÄ»ΓÄ»ΓÄ»ΓÄ»ΓÄ»ΓÄ»ΓÄ»ΓÄ»ΓÄ»ΓÄ»ΓÄ»ΓÄ»ΓÄ»ΓÄ»ΓÄ»ΓÄ»ΓÄ»ΓÄ»[5/13]ΓÄ»[22m[39m

[31m[1m[7m FAIL [27m[22m[39m packages/core/tests/e2e/admin-journey.test.ts[2m > [22mT071: 
Admin Journey E2E Tests[2m > [22mTest 2: Click main section with sub-sections -> shows sub-section 
list + back button
[31m[1mTypeError[22m: default.debug is not a function[39m
[36m [2mΓ¥»[22m Module.updateNavigationBreadcrumb 
packages/core/src/bot/menus/sections.ts:[2m250:10[22m[39m
    [90m248| [39m
    [90m249| [39m  ctx[33m.[39msession[33m.[39mcurrentMenu [33m=[39m newMenu
    [90m250| [39m  logger[33m.[39m[34mdebug[39m({ menu[33m:[39m newMenu }[33m,[39m 
[32m'Navigation breadcrumb updated'[39m)
    [90m   | [39m         [31m^[39m
    [90m251| [39m}
    [90m252| [39m
[90m [2mΓ¥»[22m Module.sectionsCallbackHandler 
packages/core/src/bot/handlers/sections.ts:[2m37:9[22m[39m
[90m [2mΓ¥»[22m packages/core/tests/e2e/admin-journey.test.ts:[2m63:15[22m[39m

[31m[2mΓÄ»ΓÄ»ΓÄ»ΓÄ»ΓÄ»ΓÄ»ΓÄ»ΓÄ»ΓÄ»ΓÄ»ΓÄ»ΓÄ»ΓÄ»ΓÄ»ΓÄ»ΓÄ»ΓÄ»ΓÄ»ΓÄ»ΓÄ»ΓÄ»ΓÄ»ΓÄ»[6/13]ΓÄ»[22m[39m

[31m[1m[7m FAIL [27m[22m[39m 
packages/core/tests/integration/bot/hierarchical-navigation.test.ts[2m > [22mhierarchical navigation 
integration (T040-A)[2m > [22m(3) clicking main section without sub-sections shows modules directly
[31m[1mAssertionError[22m: expected 'button-back-to-sections' to contain 'Module 1'[39m

[32m- Expected[39m
[31m+ Received[39m

[32m- Module 1[39m
[31m+ button-back-to-sections[39m

[36m [2mΓ¥»[22m 
packages/core/tests/integration/bot/hierarchical-navigation.test.ts:[2m107:51[22m[39m
    [90m105| [39m
    [90m106| [39m    [35mconst[39m editMarkup [33m=[39m ctx[33m.[39meditMessageText[33m.[39mm
ock[33m.[39mcalls[[34m0[39m][[34m1[39m][33m.[39mreply_markΓÇª
    [90m107| [39m    [34mexpect[39m(editMarkup[33m.[39minline_keyboard[[34m0[39m][[34m0[39m]
[33m.[39mtext)[33m.[39m[34mtoContain[39m([32m'Module 1'[39m)
    [90m   | [39m                                                  [31m^[39m
    [90m108| [39m    [34mexpect[39m(editMarkup[33m.[39minline_keyboard[[34m0[39m][[34m0[39m]
[33m.[39mcallback_data)[33m.[39m[34mtoBe[39m([32m'modul[39mΓÇª
    [90m109| [39m  })

[31m[2mΓÄ»ΓÄ»ΓÄ»ΓÄ»ΓÄ»ΓÄ»ΓÄ»ΓÄ»ΓÄ»ΓÄ»ΓÄ»ΓÄ»ΓÄ»ΓÄ»ΓÄ»ΓÄ»ΓÄ»ΓÄ»ΓÄ»ΓÄ»ΓÄ»ΓÄ»ΓÄ»[7/13]ΓÄ»[22m[39m

[31m[1m[7m FAIL [27m[22m[39m 
packages/core/tests/integration/bot/hierarchical-navigation.test.ts[2m > [22mhierarchical navigation 
integration (T040-A)[2m > [22m(4) clicking sub-section shows its modules + back button
[31m[1mAssertionError[22m: expected 1 to be 3 // Object.is equality[39m

[32m- Expected[39m
[31m+ Received[39m

[32m- 3[39m
[31m+ 1[39m

[36m [2mΓ¥»[22m 
packages/core/tests/integration/bot/hierarchical-navigation.test.ts:[2m139:47[22m[39m
    [90m137| [39m    [35mconst[39m editMarkup [33m=[39m ctx[33m.[39meditMessageText[33m.[39mm
ock[33m.[39mcalls[[34m0[39m][[34m1[39m][33m.[39mreply_markΓÇª
    [90m138| [39m    [90m// Should show 2 modules + back button[39m
    [90m139| [39m    [34mexpect[39m(editMarkup[33m.[39minline_keyboard[33m.[39mlength)[33m.[3
9m[34mtoBe[39m([34m3[39m)
    [90m   | [39m                                              [31m^[39m
    [90m140| [39m    [34mexpect[39m(editMarkup[33m.[39minline_keyboard[[34m0[39m][[34m0[39m]
[33m.[39mcallback_data)[33m.[39m[34mtoBe[39m([32m'modul[39mΓÇª
    [90m141| [39m    [34mexpect[39m(editMarkup[33m.[39minline_keyboard[[34m1[39m][[34m0[39m]
[33m.[39mcallback_data)[33m.[39m[34mtoBe[39m([32m'modul[39mΓÇª

[31m[2mΓÄ»ΓÄ»ΓÄ»ΓÄ»ΓÄ»ΓÄ»ΓÄ»ΓÄ»ΓÄ»ΓÄ»ΓÄ»ΓÄ»ΓÄ»ΓÄ»ΓÄ»ΓÄ»ΓÄ»ΓÄ»ΓÄ»ΓÄ»ΓÄ»ΓÄ»ΓÄ»[8/13]ΓÄ»[22m[39m

[31m[1m[7m FAIL [27m[22m[39m packages/core/tests/unit/bot/handlers/menu.test.ts[2m > 
[22m@testing-patterns @typescript-expert Menu Handler Tests[2m > [22mT024 - Main Menu Router RBAC 
Tests[2m > [22mshould show Super Admin menu for SUPER_ADMIN role
[31m[1mAssertionError[22m: expected [ [ ΓÇª(2) ], [ { ΓÇª(2) }, ΓÇª(1) ], ΓÇª(2) ] to have a length 
of 3 but got 4[39m

[32m- Expected[39m
[31m+ Received[39m

[32m- 3[39m
[31m+ 4[39m

[36m [2mΓ¥»[22m packages/core/tests/unit/bot/handlers/menu.test.ts:[2m76:54[22m[39m
    [90m 74| [39m      [35mconst[39m call [33m=[39m 
mockCtx[33m.[39mreply[33m.[39mmock[33m.[39mcalls[[34m0[39m]
    [90m 75| [39m      
[34mexpect[39m(call[[34m0[39m])[33m.[39m[34mtoContain[39m([32m'Welcome Super Admin Super 
Admin'[39m)
    [90m 76| [39m      [34mexpect[39m(call[[34m1[39m][33m?.[39mreply_markup[33m?.[39minline_k
eyboard)[33m.[39m[34mtoHaveLength[39m([34m3[39m)
    [90m   | [39m                                                     [31m^[39m
    [90m 77| [39m      [34mexpect[39m(call[[34m1[39m][33m?.[39mreply_markup[33m?.[39minline_k
eyboard[[34m0[39m])[33m.[39m[34mtoContainEqual[39m(
    [90m 78| [39m        expect[33m.[39m[34mobjectContaining[39m({ text[33m:[39m 
[32m'Sections'[39m[33m,[39m callback_data[33m:[39m [32m'me[39mΓÇª

[31m[2mΓÄ»ΓÄ»ΓÄ»ΓÄ»ΓÄ»ΓÄ»ΓÄ»ΓÄ»ΓÄ»ΓÄ»ΓÄ»ΓÄ»ΓÄ»ΓÄ»ΓÄ»ΓÄ»ΓÄ»ΓÄ»ΓÄ»ΓÄ»ΓÄ»ΓÄ»ΓÄ»[9/13]ΓÄ»[22m[39m

[31m[1m[7m FAIL [27m[22m[39m packages/core/tests/unit/bot/handlers/menu.test.ts[2m > 
[22m@testing-patterns @typescript-expert Menu Handler Tests[2m > [22mT024 - Main Menu Router RBAC 
Tests[2m > [22mshould show Admin menu for ADMIN role with restricted options
[31m[1mAssertionError[22m: expected [ Array(1) ] to have a length of 2 but got 1[39m

[32m- Expected[39m
[31m+ Received[39m

[32m- 2[39m
[31m+ 1[39m

[36m [2mΓ¥»[22m packages/core/tests/unit/bot/handlers/menu.test.ts:[2m103:54[22m[39m
    [90m101| [39m      [35mconst[39m call [33m=[39m 
mockCtx[33m.[39mreply[33m.[39mmock[33m.[39mcalls[[34m0[39m]
    [90m102| [39m      
[34mexpect[39m(call[[34m0[39m])[33m.[39m[34mtoContain[39m([32m'Welcome Admin Admin User'[39m)
    [90m103| [39m      [34mexpect[39m(call[[34m1[39m][33m?.[39mreply_markup[33m?.[39minline_k
eyboard)[33m.[39m[34mtoHaveLength[39m([34m2[39m)
    [90m   | [39m                                                     [31m^[39m
    [90m104| [39m      [90m// Admin should NOT see modules or notifications buttons[39m
    [90m105| [39m      [34mexpect[39m(call[[34m1[39m][33m?.[39mreply_markup[33m?.[39minline_k
eyboard)[33m.[39mnot[33m.[39m[34mtoEqual[39m(

[31m[2mΓÄ»ΓÄ»ΓÄ»ΓÄ»ΓÄ»ΓÄ»ΓÄ»ΓÄ»ΓÄ»ΓÄ»ΓÄ»ΓÄ»ΓÄ»ΓÄ»ΓÄ»ΓÄ»ΓÄ»ΓÄ»ΓÄ»ΓÄ»ΓÄ»ΓÄ»[10/13]ΓÄ»[22m[39m

[31m[1m[7m FAIL [27m[22m[39m packages/core/tests/unit/bot/handlers/menu.test.ts[2m > 
[22m@testing-patterns @typescript-expert Menu Handler Tests[2m > [22mT024 - Main Menu Router RBAC 
Tests[2m > [22mshould log audit trail for menu access
[31m[1mAssertionError[22m: expected "spy" to be called with arguments: [ { data: { userId: 12345n, 
ΓÇª(4) } } ][90m

Received: 

[31m[90m

Number of calls: [1m0[22m
[31m[39m
[36m [2mΓ¥»[22m packages/core/tests/unit/bot/handlers/menu.test.ts:[2m232:42[22m[39m
    [90m230| [39m      [35mawait[39m [34mmenuHandler[39m(mockCtx)
    [90m231| [39m
    [90m232| [39m      [34mexpect[39m(mockPrisma[33m.[39mauditLog[33m.[39mcreate)[33m.[39m[3
4mtoHaveBeenCalledWith[39m({
    [90m   | [39m                                         [31m^[39m
    [90m233| [39m        data[33m:[39m {
    [90m234| [39m          userId[33m:[39m [34m12345n[39m[33m,[39m

[31m[2mΓÄ»ΓÄ»ΓÄ»ΓÄ»ΓÄ»ΓÄ»ΓÄ»ΓÄ»ΓÄ»ΓÄ»ΓÄ»ΓÄ»ΓÄ»ΓÄ»ΓÄ»ΓÄ»ΓÄ»ΓÄ»ΓÄ»ΓÄ»ΓÄ»ΓÄ»[11/13]ΓÄ»[22m[39m

[31m[1m[7m FAIL [27m[22m[39m packages/core/tests/unit/bot/handlers/menu.test.ts[2m > 
[22m@testing-patterns @typescript-expert Menu Handler Tests[2m > [22mT024 - Main Menu Router RBAC 
Tests[2m > [22mshould Super Admin sees all management options
[31m[1mAssertionError[22m: expected [ [ ΓÇª(2) ], [ { ΓÇª(2) }, ΓÇª(1) ], ΓÇª(2) ] to have a length 
of 3 but got 4[39m

[32m- Expected[39m
[31m+ Received[39m

[32m- 3[39m
[31m+ 4[39m

[36m [2mΓ¥»[22m packages/core/tests/unit/bot/handlers/menu.test.ts:[2m272:24[22m[39m
    [90m270| [39m
    [90m271| [39m      [90m// Super Admin should see all 6 buttons across 3 rows[39m
    [90m272| [39m      [34mexpect[39m(keyboard)[33m.[39m[34mtoHaveLength[39m([34m3[39m)
    [90m   | [39m                       [31m^[39m
    [90m273| [39m      
[34mexpect[39m(keyboard[[34m0[39m])[33m.[39m[34mtoHaveLength[39m([34m2[39m) [90m// 
Sections, Users[39m
    [90m274| [39m      
[34mexpect[39m(keyboard[[34m1[39m])[33m.[39m[34mtoHaveLength[39m([34m2[39m) [90m// 
Maintenance, Audit[39m

[31m[2mΓÄ»ΓÄ»ΓÄ»ΓÄ»ΓÄ»ΓÄ»ΓÄ»ΓÄ»ΓÄ»ΓÄ»ΓÄ»ΓÄ»ΓÄ»ΓÄ»ΓÄ»ΓÄ»ΓÄ»ΓÄ»ΓÄ»ΓÄ»ΓÄ»ΓÄ»[12/13]ΓÄ»[22m[39m

[31m[1m[7m FAIL [27m[22m[39m packages/core/tests/unit/bot/handlers/menu.test.ts[2m > 
[22m@testing-patterns @typescript-expert Menu Handler Tests[2m > [22mT024 - Main Menu Router RBAC 
Tests[2m > [22mshould Admin cannot access Super Admin specific features
[31m[1mAssertionError[22m: expected [ Array(1) ] to have a length of 2 but got 1[39m

[32m- Expected[39m
[31m+ Received[39m

[32m- 2[39m
[31m+ 1[39m

[36m [2mΓ¥»[22m packages/core/tests/unit/bot/handlers/menu.test.ts:[2m298:24[22m[39m
    [90m296| [39m
    [90m297| [39m      [90m// Admin should NOT see modules and notifications (Super Admin o[39mΓÇª
    [90m298| [39m      [34mexpect[39m(keyboard)[33m.[39m[34mtoHaveLength[39m([34m2[39m)
    [90m   | [39m                       [31m^[39m
    [90m299| [39m      [34mexpect[39m(keyboard[[34m0[39m])[33m.[39m[34mtoEqual[39m([
    [90m300| [39m        expect[33m.[39m[34mobjectContaining[39m({ text[33m:[39m 
[32m'Sections'[39m[33m,[39m callback_data[33m:[39m [32m'me[39mΓÇª

[31m[2mΓÄ»ΓÄ»ΓÄ»ΓÄ»ΓÄ»ΓÄ»ΓÄ»ΓÄ»ΓÄ»ΓÄ»ΓÄ»ΓÄ»ΓÄ»ΓÄ»ΓÄ»ΓÄ»ΓÄ»ΓÄ»ΓÄ»ΓÄ»ΓÄ»ΓÄ»[13/13]ΓÄ»[22m[39m

[2m Test Files [22m [1m[31m8 failed[39m[22m[2m | [22m[1m[32m17 passed[39m[22m[90m (25)[39m
[2m      Tests [22m [1m[31m9 failed[39m[22m[2m | [22m[1m[32m103 passed[39m[22m[90m (112)[39m
[2m   Start at [22m 07:08:26
[2m   Duration [22m 3.43s[2m (transform 3.24s, setup 2.28s, collect 8.32s, tests 635ms, environment 16ms, prepare 11.36s)[22m

