
[7m[1m[36m RUN [39m[22m[27m [36mv1.6.1[39m [90mF:/_Al-Saada_Smart_Bot[39m

[90mstdout[2m | _log (F:\_Al-Saada_Smart_Bot\node_modules\dotenv\lib\main.js:139:11)[22m[39m
[dotenv@17.3.1] injecting env (4) from .env.test -- tip: ≡ƒöÉ encrypt with Dotenvx: https://dotenvx.com

[90mstdout[2m | _log (F:\_Al-Saada_Smart_Bot\node_modules\dotenv\lib\main.js:139:11)[22m[39m
[dotenv@17.3.1] injecting env (4) from .env.test -- tip: ≡ƒöÉ encrypt with Dotenvx: https://dotenvx.com

[90mstdout[2m | _log (F:\_Al-Saada_Smart_Bot\node_modules\dotenv\lib\main.js:139:11)[22m[39m
[dotenv@17.3.1] injecting env (4) from .env.test -- tip: ΓÜí∩╕Å secrets for agents: https://dotenvx.com/as2

[90mstdout[2m | _log (F:\_Al-Saada_Smart_Bot\node_modules\dotenv\lib\main.js:139:11)[22m[39m
[dotenv@17.3.1] injecting env (4) from .env.test -- tip: ≡ƒ¢í∩╕Å auth for agents: https://vestauth.com

[90mstdout[2m | _log (F:\_Al-Saada_Smart_Bot\node_modules\dotenv\lib\main.js:139:11)[22m[39m
[dotenv@17.3.1] injecting env (4) from .env.test -- tip: ≡ƒ¢á∩╕Å  run anywhere with `dotenvx run -- yourcommand`

[90mstdout[2m | _log (F:\_Al-Saada_Smart_Bot\node_modules\dotenv\lib\main.js:139:11)[22m[39m
[dotenv@17.3.1] injecting env (4) from .env.test -- tip: ΓÜÖ∩╕Å  enable debug logging with { debug: true }

[90mstdout[2m | _log (F:\_Al-Saada_Smart_Bot\node_modules\dotenv\lib\main.js:139:11)[22m[39m
[dotenv@17.3.1] injecting env (4) from .env.test -- tip: ΓÜÖ∩╕Å  write to custom object with { processEnv: myObject }

[90mstdout[2m | _log (F:\_Al-Saada_Smart_Bot\node_modules\dotenv\lib\main.js:139:11)[22m[39m
[dotenv@17.3.1] injecting env (4) from .env.test -- tip: ΓÜÖ∩╕Å  load multiple .env files with { path: ['.env.local', '.env'] }

 [32mΓ£ô[39m test-vitest.test.ts [2m ([22m[2m1 test[22m[2m)[22m[90m 3[2mms[22m[39m
 [32mΓ£ô[39m packages/core/tests/unit/services/join-requests.test.ts [2m ([22m[2m7 tests[22m[2m)[22m[90m 13[2mms[22m[39m
 [32mΓ£ô[39m packages/validators/tests/phone.test.ts [2m ([22m[2m12 tests[22m[2m)[22m[90m 10[2mms[22m[39m
 [32mΓ£ô[39m packages/validators/tests/national-id.test.ts [2m ([22m[2m15 tests[22m[2m)[22m[90m 14[2mms[22m[39m
 [32mΓ£ô[39m packages/core/tests/integration/bot/start-to-join-flow.test.ts [2m ([22m[2m3 tests[22m[2m)[22m[90m 51[2mms[22m[39m
 [32mΓ£ô[39m packages/core/tests/unit/bot/handlers/menu.test.ts [2m ([22m[2m13 tests[22m[2m)[22m[90m 24[2mms[22m[39m
 [33mΓ¥»[39m packages/core/tests/unit/bot/handlers/start.test.ts [2m ([22m[2m6 tests[22m [2m|[22m [31m1 failed[39m[2m)[22m[90m 65[2mms[22m[39m
[31m   [33mΓ¥»[31m packages/core/tests/unit/bot/handlers/start.test.ts[2m > [22mStart Handler Tests (Unified Flow)[2m > [22mEdge Cases[2m > [22mshould handle database error gracefully[39m
[31m     ΓåÆ expected "spy" to be called with arguments: [ 'An error occurred' ][90m

Received: 

[1m  1st spy call:

[22m[2m  Array [[22m
[32m-   "An error occurred",[90m
[31m+   "error-generic",[90m
[2m  ][22m
[31m[90m

Number of calls: [1m1[22m
[31m[39m
 [32mΓ£ô[39m packages/core/tests/unit/config/env.test.ts [2m ([22m[2m6 tests[22m[2m)[22m[90m 120[2mms[22m[39m

[2m Test Files [22m [1m[31m1 failed[39m[22m[2m | [22m[1m[32m7 passed[39m[22m[90m (8)[39m
[2m      Tests [22m [1m[31m1 failed[39m[22m[2m | [22m[1m[32m62 passed[39m[22m[90m (63)[39m
[2m   Start at [22m 23:21:33
[2m   Duration [22m 1.04s[2m (transform 704ms, setup 387ms, collect 1.20s, tests 300ms, environment 2ms, prepare 2.62s)[22m

